---
source: tui/src/bottom_pane/chat_composer.rs
assertion_line: 1723
expression: terminal.backend()
---
"▌ /mo                                                       "
"▌                                                           "
"▌› /model  choose what model and reasoning effort to use    "
"▌  /mention  mention a file                                 "
