source: tui/src/chatwidget/tests.rs
expression: combined
---
Codex 0.0.0
Here is the result.
